// Jest Snapshot v1, https://goo.gl/fbAQLP

exports[`ToggleButton default 1`] = `
<View
  accessibilityRole="button"
  accessible={true}
  focusable={true}
  onAccessibilityTap={[Function]}
  onBlur={[Function]}
  onFocus={[Function]}
  onKeyUp={[Function]}
  onMouseEnter={[Function]}
  onMouseLeave={[Function]}
  onPress={[Function]}
  onPressIn={[Function]}
  onPressOut={[Function]}
  style={
    Object {
      "alignItems": "center",
      "alignSelf": "flex-start",
      "backgroundColor": "#f3f2f1",
      "borderColor": "#8a8886",
      "borderRadius": 4,
      "borderWidth": 1,
      "display": "flex",
      "flexDirection": "row",
      "justifyContent": "center",
      "minWidth": 96,
      "padding": 5,
      "paddingHorizontal": 15,
      "width": undefined,
    }
  }
>
  <Text
    style={
      Object {
        "color": "#323130",
        "fontFamily": "Segoe UI",
        "fontSize": 14,
        "fontWeight": "600",
        "margin": 0,
        "marginBottom": 0,
        "marginLeft": 0,
        "marginRight": 0,
        "marginTop": 0,
      }
    }
  >
    Default Button
  </Text>
</View>
`;
